// Jest Snapshot v1, https://goo.gl/fbAQLP

exports[`Task component non editable description match snapshot 1`] = `
<div
  className="app-width task"
  data-status="COMPLETED"
>
  <div
    className="icon status"
    key="status"
    onClick={[Function]}
    title="Set Active"
  >
    Â 
  </div>
  <div
    className="description"
    key="description"
    onDoubleClick={[Function]}
    title="Task description
  Double click to edit"
  >
    task1
  </div>
  <img
    alt="cancel-task"
    className="icon cancel"
    key="remove"
    onClick={[Function]}
    src="close.svg"
    title="Set Cancel"
  />
  <i
    className="updated"
  >
    11: 34 A.M, Thu 2 Aug
  </i>
</div>
`;
