// Jest Snapshot v1, https://goo.gl/fbAQLP

exports[`Loading component match snapshot 1`] = `
<div
  className="loading additional"
>
  Â 
</div>
`;
