// Jest Snapshot v1, https://goo.gl/fbAQLP

exports[`NewTask component match snapshot 1`] = `
<Input
  autoFocus={true}
  className="lorem"
  onChange={[Function]}
  onValueReturn={[Function]}
  placeholder="ipsum"
  type="text"
  value="helloWorld"
/>
`;
